// Jest Snapshot v1, https://goo.gl/fbAQLP

exports[`Track component renders with required props 1`] = `
ShallowWrapper {
  "length": 1,
  Symbol(enzyme.__root__): [Circular],
  Symbol(enzyme.__unrendered__): <WithStyles(Track)
    addErrorToApp={[Function]}
    addPlaylistTrackToFinal={[Function]}
    index={1}
    navigation={
      Object {
        "currentPage": "/app",
        "index": 0,
        "indexToRouteMap": Object {
          "0": "/app",
          "1": "/app/public",
          "2": "/app/componofy",
        },
        "nextIndex": 1,
        "nextPage": "/app/public",
        "numberOfPages": 3,
        "routeToIndexMap": Object {
          "/app": 0,
          "/app/componofy": 2,
          "/app/public": 1,
        },
      }
    }
    playlist={
      Object {
        "external_urls": Object {
          "spotify": "test_external_url",
        },
        "href": "testLink",
        "id": "8752",
        "images": Array [
          Object {
            "height": 500,
            "url": "test image url",
            "width": 100,
          },
        ],
        "isOpen": false,
        "name": "Artist 1",
        "owner": Object {
          "id": "testOwner",
          "type": "testType",
        },
        "public": true,
        "tracks": Object {
          "list": Array [
            Object {
              "album": Object {
                "album_type": "test type",
                "artists": Array [
                  Object {
                    "external_urls": Object {
                      "spotify": "test_external_url",
                    },
                    "id": "324",
                    "name": "Test Artist",
                  },
                ],
                "external_urls": Object {
                  "spotify": "test_external_url",
                },
                "images": Array [
                  Object {
                    "height": 500,
                    "url": "test image url",
                    "width": 100,
                  },
                  Object {
                    "height": 500,
                    "url": "test image url",
                    "width": 100,
                  },
                ],
                "name": "Test album",
              },
              "artists": Array [
                Object {
                  "external_urls": Object {
                    "spotify": "test_external_url",
                  },
                  "id": "324",
                  "name": "Test Artist",
                },
              ],
              "duration_ms": 12323,
              "external_urls": Object {
                "spotify": "test_external_url",
              },
              "id": "1234",
              "popularity": 78,
              "track_number": 1,
            },
            Object {
              "album": Object {
                "album_type": "test type",
                "artists": Array [
                  Object {
                    "external_urls": Object {
                      "spotify": "test_external_url",
                    },
                    "id": "324",
                    "name": "Test Artist",
                  },
                ],
                "external_urls": Object {
                  "spotify": "test_external_url",
                },
                "images": Array [
                  Object {
                    "height": 500,
                    "url": "test image url",
                    "width": 100,
                  },
                  Object {
                    "height": 500,
                    "url": "test image url",
                    "width": 100,
                  },
                ],
                "name": "Test album",
              },
              "artists": Array [
                Object {
                  "external_urls": Object {
                    "spotify": "test_external_url",
                  },
                  "id": "324",
                  "name": "Test Artist",
                },
              ],
              "duration_ms": 12323,
              "external_urls": Object {
                "spotify": "test_external_url",
              },
              "id": "1234",
              "popularity": 78,
              "track_number": 1,
            },
            Object {
              "album": Object {
                "album_type": "test type",
                "artists": Array [
                  Object {
                    "external_urls": Object {
                      "spotify": "test_external_url",
                    },
                    "id": "324",
                    "name": "Test Artist",
                  },
                ],
                "external_urls": Object {
                  "spotify": "test_external_url",
                },
                "images": Array [
                  Object {
                    "height": 500,
                    "url": "test image url",
                    "width": 100,
                  },
                  Object {
                    "height": 500,
                    "url": "test image url",
                    "width": 100,
                  },
                ],
                "name": "Test album",
              },
              "artists": Array [
                Object {
                  "external_urls": Object {
                    "spotify": "test_external_url",
                  },
                  "id": "324",
                  "name": "Test Artist",
                },
              ],
              "duration_ms": 12323,
              "external_urls": Object {
                "spotify": "test_external_url",
              },
              "id": "1234",
              "popularity": 78,
              "track_number": 1,
            },
          ],
        },
        "type": "testType",
      }
    }
    playlistContainsThisTrack={false}
    removePlaylistTrackFromFinal={[Function]}
    track={
      Object {
        "album": Object {
          "album_type": "test type",
          "artists": Array [
            Object {
              "external_urls": Object {
                "spotify": "test_external_url",
              },
              "id": "324",
              "name": "Test Artist",
            },
          ],
          "external_urls": Object {
            "spotify": "test_external_url",
          },
          "images": Array [
            Object {
              "height": 500,
              "url": "test image url",
              "width": 100,
            },
            Object {
              "height": 500,
              "url": "test image url",
              "width": 100,
            },
          ],
          "name": "Test album",
        },
        "artists": Array [
          Object {
            "external_urls": Object {
              "spotify": "test_external_url",
            },
            "id": "324",
            "name": "Test Artist",
          },
        ],
        "duration_ms": 12323,
        "external_urls": Object {
          "spotify": "test_external_url",
        },
        "id": "1234",
        "popularity": 78,
        "track_number": 1,
      }
    }
  />,
  Symbol(enzyme.__renderer__): Object {
    "batchedUpdates": [Function],
    "getNode": [Function],
    "render": [Function],
    "simulateEvent": [Function],
    "unmount": [Function],
  },
  Symbol(enzyme.__node__): Object {
    "instance": null,
    "key": undefined,
    "nodeType": "class",
    "props": Object {
      "addErrorToApp": [Function],
      "addPlaylistTrackToFinal": [Function],
      "classes": Object {
        "mediaPlayer": "Track-mediaPlayer-4",
        "preview": "Track-preview-3",
        "trackInfo": "Track-trackInfo-2",
        "trackInfoContainer": "Track-trackInfoContainer-1",
      },
      "index": 1,
      "navigation": Object {
        "currentPage": "/app",
        "index": 0,
        "indexToRouteMap": Object {
          "0": "/app",
          "1": "/app/public",
          "2": "/app/componofy",
        },
        "nextIndex": 1,
        "nextPage": "/app/public",
        "numberOfPages": 3,
        "routeToIndexMap": Object {
          "/app": 0,
          "/app/componofy": 2,
          "/app/public": 1,
        },
      },
      "playlist": Object {
        "external_urls": Object {
          "spotify": "test_external_url",
        },
        "href": "testLink",
        "id": "8752",
        "images": Array [
          Object {
            "height": 500,
            "url": "test image url",
            "width": 100,
          },
        ],
        "isOpen": false,
        "name": "Artist 1",
        "owner": Object {
          "id": "testOwner",
          "type": "testType",
        },
        "public": true,
        "tracks": Object {
          "list": Array [
            Object {
              "album": Object {
                "album_type": "test type",
                "artists": Array [
                  Object {
                    "external_urls": Object {
                      "spotify": "test_external_url",
                    },
                    "id": "324",
                    "name": "Test Artist",
                  },
                ],
                "external_urls": Object {
                  "spotify": "test_external_url",
                },
                "images": Array [
                  Object {
                    "height": 500,
                    "url": "test image url",
                    "width": 100,
                  },
                  Object {
                    "height": 500,
                    "url": "test image url",
                    "width": 100,
                  },
                ],
                "name": "Test album",
              },
              "artists": Array [
                Object {
                  "external_urls": Object {
                    "spotify": "test_external_url",
                  },
                  "id": "324",
                  "name": "Test Artist",
                },
              ],
              "duration_ms": 12323,
              "external_urls": Object {
                "spotify": "test_external_url",
              },
              "id": "1234",
              "popularity": 78,
              "track_number": 1,
            },
            Object {
              "album": Object {
                "album_type": "test type",
                "artists": Array [
                  Object {
                    "external_urls": Object {
                      "spotify": "test_external_url",
                    },
                    "id": "324",
                    "name": "Test Artist",
                  },
                ],
                "external_urls": Object {
                  "spotify": "test_external_url",
                },
                "images": Array [
                  Object {
                    "height": 500,
                    "url": "test image url",
                    "width": 100,
                  },
                  Object {
                    "height": 500,
                    "url": "test image url",
                    "width": 100,
                  },
                ],
                "name": "Test album",
              },
              "artists": Array [
                Object {
                  "external_urls": Object {
                    "spotify": "test_external_url",
                  },
                  "id": "324",
                  "name": "Test Artist",
                },
              ],
              "duration_ms": 12323,
              "external_urls": Object {
                "spotify": "test_external_url",
              },
              "id": "1234",
              "popularity": 78,
              "track_number": 1,
            },
            Object {
              "album": Object {
                "album_type": "test type",
                "artists": Array [
                  Object {
                    "external_urls": Object {
                      "spotify": "test_external_url",
                    },
                    "id": "324",
                    "name": "Test Artist",
                  },
                ],
                "external_urls": Object {
                  "spotify": "test_external_url",
                },
                "images": Array [
                  Object {
                    "height": 500,
                    "url": "test image url",
                    "width": 100,
                  },
                  Object {
                    "height": 500,
                    "url": "test image url",
                    "width": 100,
                  },
                ],
                "name": "Test album",
              },
              "artists": Array [
                Object {
                  "external_urls": Object {
                    "spotify": "test_external_url",
                  },
                  "id": "324",
                  "name": "Test Artist",
                },
              ],
              "duration_ms": 12323,
              "external_urls": Object {
                "spotify": "test_external_url",
              },
              "id": "1234",
              "popularity": 78,
              "track_number": 1,
            },
          ],
        },
        "type": "testType",
      },
      "playlistContainsThisTrack": false,
      "removePlaylistTrackFromFinal": [Function],
      "track": Object {
        "album": Object {
          "album_type": "test type",
          "artists": Array [
            Object {
              "external_urls": Object {
                "spotify": "test_external_url",
              },
              "id": "324",
              "name": "Test Artist",
            },
          ],
          "external_urls": Object {
            "spotify": "test_external_url",
          },
          "images": Array [
            Object {
              "height": 500,
              "url": "test image url",
              "width": 100,
            },
            Object {
              "height": 500,
              "url": "test image url",
              "width": 100,
            },
          ],
          "name": "Test album",
        },
        "artists": Array [
          Object {
            "external_urls": Object {
              "spotify": "test_external_url",
            },
            "id": "324",
            "name": "Test Artist",
          },
        ],
        "duration_ms": 12323,
        "external_urls": Object {
          "spotify": "test_external_url",
        },
        "id": "1234",
        "popularity": 78,
        "track_number": 1,
      },
    },
    "ref": null,
    "rendered": null,
    "type": [Function],
  },
  Symbol(enzyme.__nodes__): Array [
    Object {
      "instance": null,
      "key": undefined,
      "nodeType": "class",
      "props": Object {
        "addErrorToApp": [Function],
        "addPlaylistTrackToFinal": [Function],
        "classes": Object {
          "mediaPlayer": "Track-mediaPlayer-4",
          "preview": "Track-preview-3",
          "trackInfo": "Track-trackInfo-2",
          "trackInfoContainer": "Track-trackInfoContainer-1",
        },
        "index": 1,
        "navigation": Object {
          "currentPage": "/app",
          "index": 0,
          "indexToRouteMap": Object {
            "0": "/app",
            "1": "/app/public",
            "2": "/app/componofy",
          },
          "nextIndex": 1,
          "nextPage": "/app/public",
          "numberOfPages": 3,
          "routeToIndexMap": Object {
            "/app": 0,
            "/app/componofy": 2,
            "/app/public": 1,
          },
        },
        "playlist": Object {
          "external_urls": Object {
            "spotify": "test_external_url",
          },
          "href": "testLink",
          "id": "8752",
          "images": Array [
            Object {
              "height": 500,
              "url": "test image url",
              "width": 100,
            },
          ],
          "isOpen": false,
          "name": "Artist 1",
          "owner": Object {
            "id": "testOwner",
            "type": "testType",
          },
          "public": true,
          "tracks": Object {
            "list": Array [
              Object {
                "album": Object {
                  "album_type": "test type",
                  "artists": Array [
                    Object {
                      "external_urls": Object {
                        "spotify": "test_external_url",
                      },
                      "id": "324",
                      "name": "Test Artist",
                    },
                  ],
                  "external_urls": Object {
                    "spotify": "test_external_url",
                  },
                  "images": Array [
                    Object {
                      "height": 500,
                      "url": "test image url",
                      "width": 100,
                    },
                    Object {
                      "height": 500,
                      "url": "test image url",
                      "width": 100,
                    },
                  ],
                  "name": "Test album",
                },
                "artists": Array [
                  Object {
                    "external_urls": Object {
                      "spotify": "test_external_url",
                    },
                    "id": "324",
                    "name": "Test Artist",
                  },
                ],
                "duration_ms": 12323,
                "external_urls": Object {
                  "spotify": "test_external_url",
                },
                "id": "1234",
                "popularity": 78,
                "track_number": 1,
              },
              Object {
                "album": Object {
                  "album_type": "test type",
                  "artists": Array [
                    Object {
                      "external_urls": Object {
                        "spotify": "test_external_url",
                      },
                      "id": "324",
                      "name": "Test Artist",
                    },
                  ],
                  "external_urls": Object {
                    "spotify": "test_external_url",
                  },
                  "images": Array [
                    Object {
                      "height": 500,
                      "url": "test image url",
                      "width": 100,
                    },
                    Object {
                      "height": 500,
                      "url": "test image url",
                      "width": 100,
                    },
                  ],
                  "name": "Test album",
                },
                "artists": Array [
                  Object {
                    "external_urls": Object {
                      "spotify": "test_external_url",
                    },
                    "id": "324",
                    "name": "Test Artist",
                  },
                ],
                "duration_ms": 12323,
                "external_urls": Object {
                  "spotify": "test_external_url",
                },
                "id": "1234",
                "popularity": 78,
                "track_number": 1,
              },
              Object {
                "album": Object {
                  "album_type": "test type",
                  "artists": Array [
                    Object {
                      "external_urls": Object {
                        "spotify": "test_external_url",
                      },
                      "id": "324",
                      "name": "Test Artist",
                    },
                  ],
                  "external_urls": Object {
                    "spotify": "test_external_url",
                  },
                  "images": Array [
                    Object {
                      "height": 500,
                      "url": "test image url",
                      "width": 100,
                    },
                    Object {
                      "height": 500,
                      "url": "test image url",
                      "width": 100,
                    },
                  ],
                  "name": "Test album",
                },
                "artists": Array [
                  Object {
                    "external_urls": Object {
                      "spotify": "test_external_url",
                    },
                    "id": "324",
                    "name": "Test Artist",
                  },
                ],
                "duration_ms": 12323,
                "external_urls": Object {
                  "spotify": "test_external_url",
                },
                "id": "1234",
                "popularity": 78,
                "track_number": 1,
              },
            ],
          },
          "type": "testType",
        },
        "playlistContainsThisTrack": false,
        "removePlaylistTrackFromFinal": [Function],
        "track": Object {
          "album": Object {
            "album_type": "test type",
            "artists": Array [
              Object {
                "external_urls": Object {
                  "spotify": "test_external_url",
                },
                "id": "324",
                "name": "Test Artist",
              },
            ],
            "external_urls": Object {
              "spotify": "test_external_url",
            },
            "images": Array [
              Object {
                "height": 500,
                "url": "test image url",
                "width": 100,
              },
              Object {
                "height": 500,
                "url": "test image url",
                "width": 100,
              },
            ],
            "name": "Test album",
          },
          "artists": Array [
            Object {
              "external_urls": Object {
                "spotify": "test_external_url",
              },
              "id": "324",
              "name": "Test Artist",
            },
          ],
          "duration_ms": 12323,
          "external_urls": Object {
            "spotify": "test_external_url",
          },
          "id": "1234",
          "popularity": 78,
          "track_number": 1,
        },
      },
      "ref": null,
      "rendered": null,
      "type": [Function],
    },
  ],
  Symbol(enzyme.__options__): Object {
    "adapter": ReactSixteenAdapter {
      "options": Object {
        "enableComponentDidUpdateOnSetState": true,
      },
    },
    "context": Object {},
  },
}
`;
