// Jest Snapshot v1, https://goo.gl/fbAQLP

exports[`Nav renders properly 1`] = `
ShallowWrapper {
  "length": 1,
  Symbol(enzyme.__root__): [Circular],
  Symbol(enzyme.__unrendered__): <withStyles(Nav)
    classes={
      Object {
        "root": Object {
          "backgroundColor": "#fff",
          "width": "100%",
        },
        "tabContainer": Object {},
      }
    }
    navigateTo={[Function]}
  />,
  Symbol(enzyme.__renderer__): Object {
    "batchedUpdates": [Function],
    "getNode": [Function],
    "render": [Function],
    "simulateEvent": [Function],
    "unmount": [Function],
  },
  Symbol(enzyme.__node__): Object {
    "instance": null,
    "key": undefined,
    "nodeType": "class",
    "props": Object {
      "classes": Object {
        "root": "Nav-root-1 [object Object]",
        "tabContainer": "Nav-tabContainer-2 [object Object]",
      },
      "navigateTo": [Function],
    },
    "ref": null,
    "rendered": null,
    "type": [Function],
  },
  Symbol(enzyme.__nodes__): Array [
    Object {
      "instance": null,
      "key": undefined,
      "nodeType": "class",
      "props": Object {
        "classes": Object {
          "root": "Nav-root-1 [object Object]",
          "tabContainer": "Nav-tabContainer-2 [object Object]",
        },
        "navigateTo": [Function],
      },
      "ref": null,
      "rendered": null,
      "type": [Function],
    },
  ],
  Symbol(enzyme.__options__): Object {
    "adapter": ReactFifteenAdapter {
      "options": Object {
        "supportPrevContextArgumentOfComponentDidUpdate": true,
      },
    },
  },
}
`;

exports[`When Nav component is initialized Nav renders properly 1`] = `
ShallowWrapper {
  "length": 1,
  Symbol(enzyme.__root__): [Circular],
  Symbol(enzyme.__unrendered__): <withStyles(Nav)
    classes={
      Object {
        "root": Object {
          "backgroundColor": "#fff",
          "width": "100%",
        },
        "tabContainer": Object {},
      }
    }
    navigateTo={[Function]}
  />,
  Symbol(enzyme.__renderer__): Object {
    "batchedUpdates": [Function],
    "getNode": [Function],
    "render": [Function],
    "simulateEvent": [Function],
    "unmount": [Function],
  },
  Symbol(enzyme.__node__): Object {
    "instance": null,
    "key": undefined,
    "nodeType": "class",
    "props": Object {
      "classes": Object {
        "root": "Nav-root-1 [object Object]",
        "tabContainer": "Nav-tabContainer-2 [object Object]",
      },
      "navigateTo": [Function],
    },
    "ref": null,
    "rendered": null,
    "type": [Function],
  },
  Symbol(enzyme.__nodes__): Array [
    Object {
      "instance": null,
      "key": undefined,
      "nodeType": "class",
      "props": Object {
        "classes": Object {
          "root": "Nav-root-1 [object Object]",
          "tabContainer": "Nav-tabContainer-2 [object Object]",
        },
        "navigateTo": [Function],
      },
      "ref": null,
      "rendered": null,
      "type": [Function],
    },
  ],
  Symbol(enzyme.__options__): Object {
    "adapter": ReactFifteenAdapter {
      "options": Object {
        "supportPrevContextArgumentOfComponentDidUpdate": true,
      },
    },
  },
}
`;
